'CK.Algebra.q' depends on axioms: [propext, Classical.choice, Quot.sound]
'CK.Algebra.variance_restriction' depends on axioms: [propext, Classical.choice, Quot.sound]
'CK.Algebra.variance_range' depends on axioms: [propext, Classical.choice, Quot.sound]
'CK.Algebra.mixture_left' depends on axioms: [propext, Classical.choice, Quot.sound]
'CK.Algebra.mixture_right' depends on axioms: [propext, Classical.choice, Quot.sound]
'CK.Algebra.small_gap_pair' depends on axioms: [propext, Classical.choice, Quot.sound]
'CK.Algebra.induction_step' depends on axioms: [propext, Classical.choice, Quot.sound]
'CK.Algebra.deficit_identity' depends on axioms: [propext, Classical.choice, Quot.sound]
'CK.Algebra.bias_payment' depends on axioms: [propext, Classical.choice, Quot.sound]
'CK.Algebra.complete_square' depends on axioms: [propext, Classical.choice, Quot.sound]
'CK.Algebra.product_transfer_direct' depends on axioms: [propext, Classical.choice, Quot.sound]
'CK.Algebra.gain_factorization' depends on axioms: [propext, Classical.choice, Quot.sound]
'CK.Algebra.centering_remainder' depends on axioms: [propext, Classical.choice, Quot.sound]
'CK.Algebra.centering_sign' depends on axioms: [propext, Classical.choice, Quot.sound]
'CK.Algebra.curvature_integrand' depends on axioms: [propext, Classical.choice, Quot.sound]
'CK.Algebra.endpoint_polynomial_identity' depends on axioms: [propext, Classical.choice, Quot.sound]
'CK.Algebra.endpoint_polynomial_margin' depends on axioms: [propext, Classical.choice, Quot.sound]
'CK.Algebra.antipodal_pointwise' depends on axioms: [propext, Classical.choice, Quot.sound]
'CK.Algebra.section_bound' depends on axioms: [propext, Classical.choice, Quot.sound]
'CK.Algebra.majorant' depends on axioms: [propext, Classical.choice, Quot.sound]
'CK.Algebra.majorant_factorization' depends on axioms: [propext, Classical.choice, Quot.sound]
'CK.Algebra.majorant_even' depends on axioms: [propext, Classical.choice, Quot.sound]
'CK.Algebra.majorant_halfline' depends on axioms: [propext, Classical.choice, Quot.sound]
'CK.Algebra.majorant_absolute' depends on axioms: [propext, Classical.choice, Quot.sound]
'CK.Algebra.linear_margin_dominates' depends on axioms: [propext, Classical.choice, Quot.sound]
'CK.Algebra.weighted_coefficient' depends on axioms: [propext, Classical.choice, Quot.sound]
'CK.Algebra.weighted_step' depends on axioms: [propext, Classical.choice, Quot.sound]
'CK.atanhLog' depends on axioms: [propext, Classical.choice, Quot.sound]
'CK.curvature' depends on axioms: [propext, Classical.choice, Quot.sound]
'CK.curvatureGap' depends on axioms: [propext, Classical.choice, Quot.sound]
'CK.CurvatureGoal' depends on axioms: [propext, Classical.choice, Quot.sound]
'CK.pairEntropy' depends on axioms: [propext, Classical.choice, Quot.sound]
'CK.ProductCenteringGoal' depends on axioms: [propext, Classical.choice, Quot.sound]
'CK.logPartial' depends on axioms: [propext, Classical.choice, Quot.sound]
'CK.logTail' depends on axioms: [propext, Classical.choice, Quot.sound]
'CK.LogEnclosureGoal' depends on axioms: [propext, Classical.choice, Quot.sound]
'CK.psi' depends on axioms: [propext, Classical.choice, Quot.sound]
'CK.lambdaDenom' depends on axioms: [propext, Classical.choice, Quot.sound]
'CK.EntropyComparisonGoal' depends on axioms: [propext, Classical.choice, Quot.sound]
'CK.StrictAnchorGoal' depends on axioms: [propext, Classical.choice, Quot.sound]
'CK.ProbabilityKernelGoal' depends on axioms: [propext, Classical.choice, Quot.sound]
'CK.atanhLog_third' depends on axioms: [propext, Classical.choice, Quot.sound]
'CK.eta_third' depends on axioms: [propext, Classical.choice, Quot.sound]
'CK.anchorD' depends on axioms: [propext, Classical.choice, Quot.sound]
'CK.anchorD'' depends on axioms: [propext, Classical.choice, Quot.sound]
'CK.hasDerivAt_anchorD' depends on axioms: [propext, Classical.choice, Quot.sound]
'CK.hasDerivAt_anchorD'' depends on axioms: [propext, Classical.choice, Quot.sound]
'CK.anchorD'_monotoneOn' depends on axioms: [propext, Classical.choice, Quot.sound]
'CK.anchorD'_third_neg' depends on axioms: [propext, Classical.choice, Quot.sound]
'CK.anchorD_antitoneOn' depends on axioms: [propext, Classical.choice, Quot.sound]
'CK.anchorD_third_pos' depends on axioms: [propext, Classical.choice, Quot.sound]
'CK.anchor_caseC' depends on axioms: [propext, Classical.choice, Quot.sound]
'CK.anchor_caseA' depends on axioms: [propext, Classical.choice, Quot.sound]
'CK.strict_anchor' depends on axioms: [propext, Classical.choice, Quot.sound]
'CK.avg_add' depends on axioms: [propext, Classical.choice, Quot.sound]
'CK.avg_const_mul' depends on axioms: [propext, Classical.choice, Quot.sound]
'CK.avg_sub' depends on axioms: [propext, Classical.choice, Quot.sound]
'CK.avg_le_avg' depends on axioms: [propext, Classical.choice, Quot.sound]
'CK.abs_avg_le_avg_abs' depends on axioms: [propext, Classical.choice, Quot.sound]
'CK.avg_of_unique' depends on axioms: [propext, Classical.choice, Quot.sound]
'CK.binaryEntropy_nonneg'' depends on axioms: [propext, Classical.choice, Quot.sound]
'CK.binaryEntropy_symm' depends on axioms: [propext, Classical.choice, Quot.sound]
'CK.conditionalEntropy_nonneg' depends on axioms: [propext, Classical.choice, Quot.sound]
'CK.posterior_zero' depends on axioms: [propext, Classical.choice, Quot.sound]
'CK.mean_zero' depends on axioms: [propext, Classical.choice, Quot.sound]
'CK.binaryEntropy_eq_eta' depends on axioms: [propext, Classical.choice, Quot.sound]
'CK.pairEntropy_neg_right' depends on axioms: [propext, Classical.choice, Quot.sound]
'CK.pairEntropy_abs_left' depends on axioms: [propext, Classical.choice, Quot.sound]
'CK.pairEntropy_mul_abs' depends on axioms: [propext, Classical.choice, Quot.sound]
'CK.pairEntropy_abs_right' depends on axioms: [propext, Classical.choice, Quot.sound]
'CK.half_sum_entropy_eq' depends on axioms: [propext, Classical.choice, Quot.sound]
'CK.mixedEntropy_eq' depends on axioms: [propext, Classical.choice, Quot.sound]
'CK.scalarSlack_eq' depends on axioms: [propext, Classical.choice, Quot.sound]
'CK.nu_add_t_le_one' depends on axioms: [propext, Classical.choice, Quot.sound]
'CK.abs_sub_eq_one_cases' depends on axioms: [propext, Classical.choice, Quot.sound]
'CK.scalarSlack_nonneg_of_eq' depends on axioms: [propext, Classical.choice, Quot.sound]
'CK.le_binaryEntropy_of_small'' depends on axioms: [propext, Classical.choice, Quot.sound]
'CK.scalarSlack_endpoints' depends on axioms: [propext, Classical.choice, Quot.sound]
'CK.envelope_of_criterion' depends on axioms: [propext, Classical.choice, Quot.sound]
'CK.one_le_lambdaDenom' depends on axioms: [propext, Classical.choice, Quot.sound]
'CK.lambdaReq_le_lambdaBar' depends on axioms: [propext, Classical.choice, Quot.sound]
'CK.lambdaBar' depends on axioms: [propext, Classical.choice, Quot.sound]
'CK.lbNum' depends on axioms: [propext, Classical.choice, Quot.sound]
'CK.lbNum_nonneg' depends on axioms: [propext, Classical.choice, Quot.sound]
'CK.hasDerivAt_lambdaDenom' depends on axioms: [propext, Classical.choice, Quot.sound]
'CK.hasDerivAt_lbNum' depends on axioms: [propext, Classical.choice, Quot.sound]
'CK.lambdaBarD1' depends on axioms: [propext, Classical.choice, Quot.sound]
'CK.hasDerivAt_lambdaBar' depends on axioms: [propext, Classical.choice, Quot.sound]
'CK.lambdaBarD2' depends on axioms: [propext, Classical.choice, Quot.sound]
'CK.hasDerivAt_lambdaBarD1' depends on axioms: [propext, Classical.choice, Quot.sound]
'CK.D2_numer_nonneg' depends on axioms: [propext, Classical.choice, Quot.sound]
'CK.lambdaBarD2_nonneg' depends on axioms: [propext, Classical.choice, Quot.sound]
'CK.lambdaBar_convexOn' depends on axioms: [propext, Classical.choice, Quot.sound]
'CK.lambdaBar_lt_knot0' depends on axioms: [propext, Classical.choice, Quot.sound]
'CK.lambdaBar_lt_knot1' depends on axioms: [propext, Classical.choice, Quot.sound]
'CK.lambdaBar_lt_knot2' depends on axioms: [propext, Classical.choice, Quot.sound]
'CK.lambdaBar_lt_knot3' depends on axioms: [propext, Classical.choice, Quot.sound]
'CK.s_knot0' depends on axioms: [propext, Classical.choice, Quot.sound]
'CK.s_knot1' depends on axioms: [propext, Classical.choice, Quot.sound]
'CK.s_knot2' depends on axioms: [propext, Classical.choice, Quot.sound]
'CK.s_knot3' depends on axioms: [propext, Classical.choice, Quot.sound]
'CK.cubic0' depends on axioms: [propext, Classical.choice, Quot.sound]
'CK.cubic1' depends on axioms: [propext, Classical.choice, Quot.sound]
'CK.cubic2' depends on axioms: [propext, Classical.choice, Quot.sound]
'CK.segment_criterion' depends on axioms: [propext, Classical.choice, Quot.sound]
'CK.entropy_comparison' depends on axioms: [propext, Classical.choice, Quot.sound]
'CK.large_coordinate' depends on axioms: [propext, Classical.choice, Quot.sound]
'CK.complementary_proved' depends on axioms: [propext, Classical.choice, Quot.sound]
'CK.courtadeKumar_proved' depends on axioms: [propext, Classical.choice, Quot.sound]
'CK.AppF.log_q2' depends on axioms: [propext, Classical.choice, Quot.sound]
'CK.AppF.log_q3' depends on axioms: [propext, Classical.choice, Quot.sound]
'CK.AppF.log_q20' depends on axioms: [propext, Classical.choice, Quot.sound]
'CK.AppF.log_q50_3' depends on axioms: [propext, Classical.choice, Quot.sound]
'CK.AppF.log_q459_250' depends on axioms: [propext, Classical.choice, Quot.sound]
'CK.AppF.log_q59_21' depends on axioms: [propext, Classical.choice, Quot.sound]
'CK.AppF.log_q137_23' depends on axioms: [propext, Classical.choice, Quot.sound]
'CK.AppF.log_q22_3' depends on axioms: [propext, Classical.choice, Quot.sound]
'CK.AppF.log_q899_101' depends on axioms: [propext, Classical.choice, Quot.sound]
'CK.AppF.log_q459_41' depends on axioms: [propext, Classical.choice, Quot.sound]
'CK.AppF.log_q199_60' depends on axioms: [propext, Classical.choice, Quot.sound]
'CK.AppF.log_q127_40' depends on axioms: [propext, Classical.choice, Quot.sound]
'CK.AppF.log_q3967_1000' depends on axioms: [propext, Classical.choice, Quot.sound]
'CK.AppF.log_q4883_1000' depends on axioms: [propext, Classical.choice, Quot.sound]
'CK.AppF.log_q5619_1000' depends on axioms: [propext, Classical.choice, Quot.sound]
'CK.AppF.log_q5' depends on axioms: [propext, Classical.choice, Quot.sound]
'CK.AppF.log_q8' depends on axioms: [propext, Classical.choice, Quot.sound]
'CK.AppF.log_q40_3' depends on axioms: [propext, Classical.choice, Quot.sound]
'CK.AppF.log_q4' depends on axioms: [propext, Classical.choice, Quot.sound]
'CK.AppF.log_q7' depends on axioms: [propext, Classical.choice, Quot.sound]
'CK.AppF.log_q10' depends on axioms: [propext, Classical.choice, Quot.sound]
'CK.AppF.log_q9' depends on axioms: [propext, Classical.choice, Quot.sound]
'CK.AppF.log_q25' depends on axioms: [propext, Classical.choice, Quot.sound]
'CK.AppF.log_q23' depends on axioms: [propext, Classical.choice, Quot.sound]
'CK.AppF.log_q50' depends on axioms: [propext, Classical.choice, Quot.sound]
'CK.AppF.log_q47' depends on axioms: [propext, Classical.choice, Quot.sound]
'CK.AppF.log_q19' depends on axioms: [propext, Classical.choice, Quot.sound]
'CK.AppF.row_log_q2_lo' depends on axioms: [propext, Classical.choice, Quot.sound]
'CK.AppF.row_log_q2_hi' depends on axioms: [propext, Classical.choice, Quot.sound]
'CK.AppF.row_log_q3_lo' depends on axioms: [propext, Classical.choice, Quot.sound]
'CK.AppF.row_log_q3_hi' depends on axioms: [propext, Classical.choice, Quot.sound]
'CK.AppF.row_log_q20_lo' depends on axioms: [propext, Classical.choice, Quot.sound]
'CK.AppF.row_log_q20_hi' depends on axioms: [propext, Classical.choice, Quot.sound]
'CK.AppF.row_log_q50_3_lo' depends on axioms: [propext, Classical.choice, Quot.sound]
'CK.AppF.row_log_q459_250_lo' depends on axioms: [propext, Classical.choice, Quot.sound]
'CK.AppF.row_log_q59_21_lo' depends on axioms: [propext, Classical.choice, Quot.sound]
'CK.AppF.row_log_q137_23_lo' depends on axioms: [propext, Classical.choice, Quot.sound]
'CK.AppF.row_log_q22_3_lo' depends on axioms: [propext, Classical.choice, Quot.sound]
'CK.AppF.row_log_q899_101_lo' depends on axioms: [propext, Classical.choice, Quot.sound]
'CK.AppF.row_log_q459_41_hi' depends on axioms: [propext, Classical.choice, Quot.sound]
'CK.AppF.row_log_q199_60_lo' depends on axioms: [propext, Classical.choice, Quot.sound]
'CK.AppF.row_log_q127_40_lo' depends on axioms: [propext, Classical.choice, Quot.sound]
'CK.AppF.row_log_q3967_1000_lo' depends on axioms: [propext, Classical.choice, Quot.sound]
'CK.AppF.row_log_q4883_1000_lo' depends on axioms: [propext, Classical.choice, Quot.sound]
'CK.AppF.row_log_q5619_1000_lo' depends on axioms: [propext, Classical.choice, Quot.sound]
'CK.AppF.knot_rho_3_5' depends on axioms: [propext, Classical.choice, Quot.sound]
'CK.AppF.knot_rho_3_4' depends on axioms: [propext, Classical.choice, Quot.sound]
'CK.AppF.knot_rho_17_20' depends on axioms: [propext, Classical.choice, Quot.sound]
'CK.AppF.knot_rho_9_10' depends on axioms: [propext, Classical.choice, Quot.sound]
'CK.AppF.row_h_1_4_lo' depends on axioms: [propext, Classical.choice, Quot.sound]
'CK.AppF.row_h_1_8_lo' depends on axioms: [propext, Classical.choice, Quot.sound]
'CK.AppF.row_h_1_10_lo' depends on axioms: [propext, Classical.choice, Quot.sound]
'CK.AppF.row_h_2_25_lo' depends on axioms: [propext, Classical.choice, Quot.sound]
'CK.AppF.row_h_3_50_lo' depends on axioms: [propext, Classical.choice, Quot.sound]
'CK.AppF.row_h_1_5_lo' depends on axioms: [propext, Classical.choice, Quot.sound]
'CK.AppF.row_h_1_20_hi' depends on axioms: [propext, Classical.choice, Quot.sound]
'CK.AppF.comb_log3' depends on axioms: [propext, Classical.choice, Quot.sound]
'CK.AppF.comb_log2' depends on axioms: [propext, Classical.choice, Quot.sound]
'CK.AppF.comb_rat1' depends on axioms: [propext, Classical.choice, Quot.sound]
'CK.AppF.comb_rat2' depends on axioms: [propext, Classical.choice, Quot.sound]
'CK.AppF.comb_rat3' depends on axioms: [propext, Classical.choice, Quot.sound]
'CK.wAux' depends on axioms: [propext, Classical.choice, Quot.sound]
'CK.wAux_zero' depends on axioms: [propext, Classical.choice, Quot.sound]
'CK.wAux_one' depends on axioms: [propext, Classical.choice, Quot.sound]
'CK.continuous_wAux' depends on axioms: [propext, Classical.choice, Quot.sound]
'CK.hasDerivAt_wAux' depends on axioms: [propext, Classical.choice, Quot.sound]
'CK.wAux_nonneg' depends on axioms: [propext, Classical.choice, Quot.sound]
'CK.psiCurv' depends on axioms: [propext, Classical.choice, Quot.sound]
'CK.psiCurvDeriv' depends on axioms: [propext, Classical.choice, Quot.sound]
'CK.hasDerivAt_psiCurv' depends on axioms: [propext, Classical.choice, Quot.sound]
'CK.psiCurvDeriv_nonneg' depends on axioms: [propext, Classical.choice, Quot.sound]
'CK.psiCurv0' depends on axioms: [propext, Classical.choice, Quot.sound]
'CK.psiCurv_zero_eq' depends on axioms: [propext, Classical.choice, Quot.sound]
'CK.psiCurv0_continuousAt' depends on axioms: [propext, Classical.choice, Quot.sound]
'CK.curvature_identity' depends on axioms: [propext, Classical.choice, Quot.sound]
'CK.ent' depends on axioms: [propext, Classical.choice, Quot.sound]
'CK.IsDist' depends on axioms: [propext, Classical.choice, Quot.sound]
'CK.noisy' depends on axioms: [propext, Classical.choice, Quot.sound]
'CK.deficit' depends on axioms: [propext, Classical.choice, Quot.sound]
'CK.kernel_col_sum' depends on axioms: [propext, Classical.choice, Quot.sound]
'CK.sum_noisy' depends on axioms: [propext, Classical.choice, Quot.sound]
'CK.noisy_nonneg' depends on axioms: [propext, Classical.choice, Quot.sound]
'CK.noisy_isDist' depends on axioms: [propext, Classical.choice, Quot.sound]
'CK.noisy_add' depends on axioms: [propext, Classical.choice, Quot.sound]
'CK.noisy_smul' depends on axioms: [propext, Classical.choice, Quot.sound]
'CK.noisy_sum' depends on axioms: [propext, Classical.choice, Quot.sound]
'CK.ent_nonneg' depends on axioms: [propext, Classical.choice, Quot.sound]
'CK.ent_mixture_ge' depends on axioms: [propext, Classical.choice, Quot.sound]
'CK.deficit_bool' depends on axioms: [propext, Classical.choice, Quot.sound]
'CK.ent_bool' depends on axioms: [propext, Classical.choice, Quot.sound]
'CK.ent_zero_dim' depends on axioms: [propext, Classical.choice, Quot.sound]
'CK.deficit_zero_dim' depends on axioms: [propext, Classical.choice, Quot.sound]
'CK.sum_snoc' depends on axioms: [propext, Classical.choice, Quot.sound]
'CK.marg' depends on axioms: [propext, Classical.choice, Quot.sound]
'CK.condDist' depends on axioms: [propext, Classical.choice, Quot.sound]
'CK.marg_nonneg' depends on axioms: [propext, Classical.choice, Quot.sound]
'CK.sum_marg' depends on axioms: [propext, Classical.choice, Quot.sound]
'CK.snoc_eq_zero_of_marg' depends on axioms: [propext, Classical.choice, Quot.sound]
'CK.snoc_eq_marg_mul_condDist' depends on axioms: [propext, Classical.choice, Quot.sound]
'CK.condDist_nonneg' depends on axioms: [propext, Classical.choice, Quot.sound]
'CK.sum_condDist' depends on axioms: [propext, Classical.choice, Quot.sound]
'CK.condDist_isDist' depends on axioms: [propext, Classical.choice, Quot.sound]
'CK.marg_mul_sum_condDist' depends on axioms: [propext, Classical.choice, Quot.sound]
'CK.sum_condDist_mul_negMulLog' depends on axioms: [propext, Classical.choice, Quot.sound]
'CK.ent_chain' depends on axioms: [propext, Classical.choice, Quot.sound]
'CK.deficit_chain' depends on axioms: [propext, Classical.choice, Quot.sound]
'CK.k1' depends on axioms: [propext, Classical.choice, Quot.sound]
'CK.k1_nonneg' depends on axioms: [propext, Classical.choice, Quot.sound]
'CK.sum_k1' depends on axioms: [propext, Classical.choice, Quot.sound]
'CK.noisy_snoc' depends on axioms: [propext, Classical.choice, Quot.sound]
'CK.marg_noisy' depends on axioms: [propext, Classical.choice, Quot.sound]
'CK.lam' depends on axioms: [propext, Classical.choice, Quot.sound]
'CK.mix' depends on axioms: [propext, Classical.choice, Quot.sound]
'CK.lam_nonneg' depends on axioms: [propext, Classical.choice, Quot.sound]
'CK.sum_lam' depends on axioms: [propext, Classical.choice, Quot.sound]
'CK.lam_mul_sum_condDist' depends on axioms: [propext, Classical.choice, Quot.sound]
'CK.mix_isDist' depends on axioms: [propext, Classical.choice, Quot.sound]
'CK.marg_noisy_mul_lam' depends on axioms: [propext, Classical.choice, Quot.sound]
'CK.condDist_noisy' depends on axioms: [propext, Classical.choice, Quot.sound]
'CK.sum_marg_noisy_lam' depends on axioms: [propext, Classical.choice, Quot.sound]
'CK.onebit_step' depends on axioms: [propext, Classical.choice, Quot.sound]
'CK.deficit_mix_le' depends on axioms: [propext, Classical.choice, Quot.sound]
'CK.deficit_noisy_le_aux' depends on axioms: [propext, Classical.choice, Quot.sound]
'CK.deficit_noisy_le' depends on axioms: [propext, Classical.choice, Quot.sound]
'CK.Cube' does not depend on any axioms
'CK.BooleanFunction' does not depend on any axioms
'CK.indicator' depends on axioms: [propext, Classical.choice, Quot.sound]
'CK.sign' depends on axioms: [propext, Classical.choice, Quot.sound]
'CK.avg' depends on axioms: [propext, Classical.choice, Quot.sound]
'CK.kernel' depends on axioms: [propext, Classical.choice, Quot.sound]
'CK.binaryEntropy' depends on axioms: [propext, Classical.choice, Quot.sound]
'CK.eta' depends on axioms: [propext, Classical.choice, Quot.sound]
'CK.kappa' depends on axioms: [propext, Classical.choice, Quot.sound]
'CK.mean' depends on axioms: [propext, Classical.choice, Quot.sound]
'CK.posterior' depends on axioms: [propext, Classical.choice, Quot.sound]
'CK.conditionalEntropy' depends on axioms: [propext, Classical.choice, Quot.sound]
'CK.information' depends on axioms: [propext, Classical.choice, Quot.sound]
'CK.varianceProfile' depends on axioms: [propext, Classical.choice, Quot.sound]
'CK.mixedEntropy' depends on axioms: [propext, Classical.choice, Quot.sound]
'CK.scalarSlack' depends on axioms: [propext, Classical.choice, Quot.sound]
'CK.CourtadeKumar' depends on axioms: [propext, Classical.choice, Quot.sound]
'CK.ScalarMixingClaim' depends on axioms: [propext, Classical.choice, Quot.sound]
'CK.LinearScalarMixingClaim' depends on axioms: [propext, Classical.choice, Quot.sound]
'CK.LowNoiseProfileClaim' depends on axioms: [propext, Classical.choice, Quot.sound]
'CK.lowNoiseCK' depends on axioms: [propext, Classical.choice, Quot.sound]
'CK.complementaryCK' depends on axioms: [propext, Classical.choice, Quot.sound]
'CK.assemble_conditional' depends on axioms: [propext, Classical.choice, Quot.sound]
'CK.indicator_square' depends on axioms: [propext, Classical.choice, Quot.sound]
'CK.sign_square' depends on axioms: [propext, Classical.choice, Quot.sound]
'CK.entropy_zero' depends on axioms: [propext, Classical.choice, Quot.sound]
'CK.entropy_one' depends on axioms: [propext, Classical.choice, Quot.sound]
'CK.eta_eq_binaryEntropy_eps' depends on axioms: [propext, Classical.choice, Quot.sound]
'CK.log_inv_ge' depends on axioms: [propext, Classical.choice, Quot.sound]
'CK.binaryEntropy_mono_half' depends on axioms: [propext, Classical.choice, Quot.sound]
'CK.le_binaryEntropy_of_small' depends on axioms: [propext, Classical.choice, Quot.sound]
'CK.binaryEntropy_ge_eps' depends on axioms: [propext, Classical.choice, Quot.sound]
'CK.K0_ge_alpha' depends on axioms: [propext, Classical.choice, Quot.sound]
'CK.J0_ge_rbeta' depends on axioms: [propext, Classical.choice, Quot.sound]
'CK.M0_ge' depends on axioms: [propext, Classical.choice, Quot.sound]
'CK.ell_le' depends on axioms: [propext, Classical.choice, Quot.sound]
'CK.q0_ge_Q' depends on axioms: [propext, Classical.choice, Quot.sound]
'CK.alpha_ge' depends on axioms: [propext, Classical.choice, Quot.sound]
'CK.gfun' depends on axioms: [propext, Classical.choice, Quot.sound]
'CK.hasDerivAt_gfun' depends on axioms: [propext, Classical.choice, Quot.sound]
'CK.gfun_deriv_nonneg' depends on axioms: [propext, Classical.choice, Quot.sound]
'CK.gfun_monotone' depends on axioms: [propext, Classical.choice, Quot.sound]
'CK.gfun_one_nonneg' depends on axioms: [propext, Classical.choice, Quot.sound]
'CK.gfun_exp_nonneg' depends on axioms: [propext, Classical.choice, Quot.sound]
'CK.core_psi' depends on axioms: [propext, Classical.choice, Quot.sound]
'CK.endpoint_assemble' depends on axioms: [propext, Classical.choice, Quot.sound]
'CK.endpoint_normalized' depends on axioms: [propext, Classical.choice, Quot.sound]
'CK.log_inv_eps_eq' depends on axioms: [propext, Classical.choice, Quot.sound]
'CK.neg_mul_log_le' depends on axioms: [propext, Classical.choice, Quot.sound]
'CK.log_one_add_two_mul_le_tangent' depends on axioms: [propext, Classical.choice, Quot.sound]
'CK.one_le_neg_log_of_le_third' depends on axioms: [propext, Classical.choice, Quot.sound]
'CK.Q_ge_bound' depends on axioms: [propext, Classical.choice, Quot.sound]
'CK.endpoint_interval' depends on axioms: [propext, Classical.choice, Quot.sound]
'CK.gain_dominance' depends on axioms: [propext, Classical.choice, Quot.sound]
'CK.log_five_le_two' depends on axioms: [propext, Classical.choice, Quot.sound]
'CK.log_twenty_le' depends on axioms: [propext, Classical.choice, Quot.sound]
'CK.binaryEntropy_le_half_of_small' depends on axioms: [propext, Classical.choice, Quot.sound]
'CK.lowNoiseCK_of_profile' depends on axioms: [propext, Classical.choice, Quot.sound]
'CK.lowNoiseCK_of_scalar_and_pinsker' depends on axioms: [propext, Classical.choice, Quot.sound]
'CK.atanhLog_zero' depends on axioms: [propext, Classical.choice, Quot.sound]
'CK.atanhLog_neg' depends on axioms: [propext, Classical.choice, Quot.sound]
'CK.curvature_even' depends on axioms: [propext, Classical.choice, Quot.sound]
'CK.eta_even' depends on axioms: [propext, Classical.choice, Quot.sound]
'CK.eta_zero' depends on axioms: [propext, Classical.choice, Quot.sound]
'CK.eta_one' depends on axioms: [propext, Classical.choice, Quot.sound]
'CK.kappa_zero' depends on axioms: [propext, Classical.choice, Quot.sound]
'CK.atanhLog_nonneg' depends on axioms: [propext, Classical.choice, Quot.sound]
'CK.atanhLog_mono' depends on axioms: [propext, Classical.choice, Quot.sound]
'CK.le_atanhLog' depends on axioms: [propext, Classical.choice, Quot.sound]
'CK.eta_nonneg' depends on axioms: [propext, Classical.choice, Quot.sound]
'CK.eta_pos' depends on axioms: [propext, Classical.choice, Quot.sound]
'CK.curvature_pos' depends on axioms: [propext, Classical.choice, Quot.sound]
'CK.one_le_curvature' depends on axioms: [propext, Classical.choice, Quot.sound]
'CK.curvature_mono' depends on axioms: [propext, Classical.choice, Quot.sound]
'CK.continuous_binaryEntropy' depends on axioms: [propext, Classical.choice, Quot.sound]
'CK.continuous_eta' depends on axioms: [propext, Classical.choice, Quot.sound]
'CK.hasDerivAt_binaryEntropy' depends on axioms: [propext, Classical.choice, Quot.sound]
'CK.hasDerivAt_eta' depends on axioms: [propext, Classical.choice, Quot.sound]
'CK.hasDerivAt_atanhLog' depends on axioms: [propext, Classical.choice, Quot.sound]
'CK.eta_antitoneOn' depends on axioms: [propext, Classical.choice, Quot.sound]
'CK.eta_le_eta' depends on axioms: [propext, Classical.choice, Quot.sound]
'CK.eta_le_log_two' depends on axioms: [propext, Classical.choice, Quot.sound]
'CK.kappa_ge_half_sq' depends on axioms: [propext, Classical.choice, Quot.sound]
'CK.hasDerivAt_curvature' depends on axioms: [propext, Classical.choice, Quot.sound]
'CK.chi' depends on axioms: [propext, Classical.choice, Quot.sound]
'CK.fourierCoeff' depends on axioms: [propext, Classical.choice, Quot.sound]
'CK.weight' depends on axioms: [propext, Classical.choice, Quot.sound]
'CK.signOf' depends on axioms: [propext, Classical.choice, Quot.sound]
'CK.negCube' does not depend on any axioms
'CK.sign_mul_self' depends on axioms: [propext, Classical.choice, Quot.sound]
'CK.sign_mul_sign' depends on axioms: [propext, Classical.choice, Quot.sound]
'CK.sign_not' depends on axioms: [propext, Classical.choice, Quot.sound]
'CK.avg_const' depends on axioms: [propext, Classical.choice, Quot.sound]
'CK.avg_neg' depends on axioms: [propext, Classical.choice, Quot.sound]
'CK.sum_div_const' depends on axioms: [propext, Classical.choice, Quot.sound]
'CK.avg_finset_sum' depends on axioms: [propext, Classical.choice, Quot.sound]
'CK.chi_empty' depends on axioms: [propext, Classical.choice, Quot.sound]
'CK.chi_singleton' depends on axioms: [propext, Classical.choice, Quot.sound]
'CK.chi_eq_prod_univ' depends on axioms: [propext, Classical.choice, Quot.sound]
'CK.chi_mul_self' depends on axioms: [propext, Classical.choice, Quot.sound]
'CK.chi_mul' depends on axioms: [propext, Classical.choice, Quot.sound]
'CK.avg_chi' depends on axioms: [propext, Classical.choice, Quot.sound]
'CK.chi_orthonormal' depends on axioms: [propext, Classical.choice, Quot.sound]
'CK.sum_chi_mul_chi' depends on axioms: [propext, Classical.choice, Quot.sound]
'CK.fourier_expansion' depends on axioms: [propext, Classical.choice, Quot.sound]
'CK.plancherel' depends on axioms: [propext, Classical.choice, Quot.sound]
'CK.parseval' depends on axioms: [propext, Classical.choice, Quot.sound]
'CK.weight_nonneg' depends on axioms: [propext, Classical.choice, Quot.sound]
'CK.sum_weight' depends on axioms: [propext, Classical.choice, Quot.sound]
'CK.fourierCoeff_empty' depends on axioms: [propext, Classical.choice, Quot.sound]
'CK.weight_zero' depends on axioms: [propext, Classical.choice, Quot.sound]
'CK.weight_one' depends on axioms: [propext, Classical.choice, Quot.sound]
'CK.fourierCoeff_add' depends on axioms: [propext, Classical.choice, Quot.sound]
'CK.fourierCoeff_const_mul' depends on axioms: [propext, Classical.choice, Quot.sound]
'CK.fourierCoeff_const' depends on axioms: [propext, Classical.choice, Quot.sound]
'CK.signOf_sq' depends on axioms: [propext, Classical.choice, Quot.sound]
'CK.signOf_eq' depends on axioms: [propext, Classical.choice, Quot.sound]
'CK.avg_signOf' depends on axioms: [propext, Classical.choice, Quot.sound]
'CK.abs_signOf' depends on axioms: [propext, Classical.choice, Quot.sound]
'CK.fourierCoeff_indicator' depends on axioms: [propext, Classical.choice, Quot.sound]
'CK.negCube_negCube' depends on axioms: [propext, Quot.sound]
'CK.negCubeEquiv' depends on axioms: [propext, Quot.sound]
'CK.chi_negCube' depends on axioms: [propext, Classical.choice, Quot.sound]
'CK.avg_comp_negCube' depends on axioms: [propext, Classical.choice, Quot.sound]
'CK.fourierCoeff_comp_negCube' depends on axioms: [propext, Classical.choice, Quot.sound]
'CK.fourierCoeff_singleton_last' depends on axioms: [propext, Classical.choice, Quot.sound]
'CK.chi_map_castSucc' depends on axioms: [propext, Classical.choice, Quot.sound]
'CK.fourierCoeff_castSucc_image' depends on axioms: [propext, Classical.choice, Quot.sound]
'CK.fourierCoeff_comp_perm_singleton' depends on axioms: [propext, Classical.choice, Quot.sound]
'CK.weight_one_comp_perm' depends on axioms: [propext, Classical.choice, Quot.sound]
'CK.weight_one_le_avg_sq' depends on axioms: [propext, Classical.choice, Quot.sound]
'CK.fourierCoeff_oddPart_singleton' depends on axioms: [propext, Classical.choice, Quot.sound]
'CK.indicator_mul_ge' depends on axioms: [propext, Classical.choice, Quot.sound]
'CK.weight_one_indicator_le' depends on axioms: [propext, Classical.choice, Quot.sound]
'CK.avg_mul_signSum' depends on axioms: [propext, Classical.choice, Quot.sound]
'CK.mul_le_half_add_abs' depends on axioms: [propext, Classical.choice, Quot.sound]
'CK.weight_one_le_of_small_coeffs' depends on axioms: [propext, Classical.choice, Quot.sound]
'CK.map_castSuccEmb_singleton' depends on axioms: [propext, Quot.sound]
'CK.fourierCoeff_castSucc_singleton' depends on axioms: [propext, Classical.choice, Quot.sound]
'CK.weight_one_snoc_le' depends on axioms: [propext, Classical.choice, Quot.sound]
'CK.weight_one_le_of_large_last' depends on axioms: [propext, Classical.choice, Quot.sound]
'CK.balanced_first_level' depends on axioms: [propext, Classical.choice, Quot.sound]
'CK.lift' does not depend on any axioms
'CK.decide_eq_true_fun' depends on axioms: [Quot.sound]
'CK.decide_eq_false_fun' depends on axioms: [Quot.sound]
'CK.lift_snoc_true' depends on axioms: [propext, Quot.sound]
'CK.lift_snoc_false' depends on axioms: [propext, Quot.sound]
'CK.signOf_lift_true' depends on axioms: [propext, Classical.choice, Quot.sound]
'CK.signOf_lift_false' depends on axioms: [propext, Classical.choice, Quot.sound]
'CK.avg_signOf_lift' depends on axioms: [propext, Classical.choice, Quot.sound]
'CK.fourierCoeff_lift_last' depends on axioms: [propext, Classical.choice, Quot.sound]
'CK.fourierCoeff_lift_castSucc' depends on axioms: [propext, Classical.choice, Quot.sound]
'CK.weight_one_lift' depends on axioms: [propext, Classical.choice, Quot.sound]
'CK.bias_inclusive_cap' depends on axioms: [propext, Classical.choice, Quot.sound]
'CK.atanhLog_le_mul_curvature' depends on axioms: [propext, Classical.choice, Quot.sound]
'CK.atanhLog_div_le' depends on axioms: [propext, Classical.choice, Quot.sound]
'CK.gain_integral' depends on axioms: [propext, Classical.choice, Quot.sound]
'CK.neg_log_one_sub_ge' depends on axioms: [propext, Classical.choice, Quot.sound]
'CK.neg_log_one_sub_le' depends on axioms: [propext, Classical.choice, Quot.sound]
'CK.neg_log_one_sub_ge'' depends on axioms: [propext, Classical.choice, Quot.sound]
'CK.binaryEntropy_le_mul' depends on axioms: [propext, Classical.choice, Quot.sound]
'CK.abstract_profile_induction' depends on axioms: [propext, Classical.choice, Quot.sound]
'CK.infoP' depends on axioms: [propext, Classical.choice, Quot.sound]
'CK.card_cube_real' depends on axioms: [propext, Classical.choice, Quot.sound]
'CK.sum_one_cube' depends on axioms: [propext, Classical.choice, Quot.sound]
'CK.avg_const'' depends on axioms: [propext, Classical.choice, Quot.sound]
'CK.avg_lin2' depends on axioms: [propext, Classical.choice, Quot.sound]
'CK.avg_noisy' depends on axioms: [propext, Classical.choice, Quot.sound]
'CK.noisy_const' depends on axioms: [propext, Classical.choice, Quot.sound]
'CK.noisy_lin' depends on axioms: [propext, Classical.choice, Quot.sound]
'CK.noisy_smul_one_sub' depends on axioms: [propext, Classical.choice, Quot.sound]
'CK.ent_smul' depends on axioms: [propext, Classical.choice, Quot.sound]
'CK.sum_binaryEntropy_eq_ent' depends on axioms: [propext, Classical.choice, Quot.sound]
'CK.infoP_const' depends on axioms: [propext, Classical.choice, Quot.sound]
'CK.infoP_eq_deficit' depends on axioms: [propext, Classical.choice, Quot.sound]
'CK.infoP_noisy_le' depends on axioms: [propext, Classical.choice, Quot.sound]
'CK.posterior_eq_noisy' depends on axioms: [propext, Classical.choice, Quot.sound]
'CK.infoP_posterior' depends on axioms: [propext, Classical.choice, Quot.sound]
'CK.binaryEntropy_indicator' depends on axioms: [propext, Classical.choice, Quot.sound]
'CK.infoP_indicator' depends on axioms: [propext, Classical.choice, Quot.sound]
'CK.information_le_contraction' depends on axioms: [propext, Classical.choice, Quot.sound]
'CK.kernel_compose' depends on axioms: [propext, Classical.choice, Quot.sound]
'CK.noisy_noisy' depends on axioms: [propext, Classical.choice, Quot.sound]
'CK.information_degrade' depends on axioms: [propext, Classical.choice, Quot.sound]
'CK.binaryEntropy_mix_indicator' depends on axioms: [propext, Classical.choice, Quot.sound]
'CK.conditionalEntropy_ge_conditional' depends on axioms: [propext, Classical.choice, Quot.sound]
'CK.cInt' depends on axioms: [propext, Classical.choice, Quot.sound]
'CK.cInt_nonneg' depends on axioms: [propext, Classical.choice, Quot.sound]
'CK.cInt_mono' depends on axioms: [propext, Classical.choice, Quot.sound]
'CK.cInt_ge_lin' depends on axioms: [propext, Classical.choice, Quot.sound]
'CK.cInt_div_mono' depends on axioms: [propext, Classical.choice, Quot.sound]
'CK.cInt_eq_log' depends on axioms: [propext, Classical.choice, Quot.sound]
'CK.cInt_half' depends on axioms: [propext, Classical.choice, Quot.sound]
'CK.cInt_3_4' depends on axioms: [propext, Classical.choice, Quot.sound]
'CK.cInt_4_5' depends on axioms: [propext, Classical.choice, Quot.sound]
'CK.cInt_21_25' depends on axioms: [propext, Classical.choice, Quot.sound]
'CK.cInt_22_25' depends on axioms: [propext, Classical.choice, Quot.sound]
'CK.eta_half' depends on axioms: [propext, Classical.choice, Quot.sound]
'CK.eta_3_4' depends on axioms: [propext, Classical.choice, Quot.sound]
'CK.eta_4_5' depends on axioms: [propext, Classical.choice, Quot.sound]
'CK.eta_21_25' depends on axioms: [propext, Classical.choice, Quot.sound]
'CK.eta_22_25' depends on axioms: [propext, Classical.choice, Quot.sound]
'CK.table_bound' depends on axioms: [propext, Classical.choice, Quot.sound]
'CK.hasDerivAt_psiInt' depends on axioms: [propext, Classical.choice, Quot.sound]
'CK.psi_mono' depends on axioms: [propext, Classical.choice, Quot.sound]
'CK.interior_product' depends on axioms: [propext, Classical.choice, Quot.sound]
'CK.kappa_even' depends on axioms: [propext, Classical.choice, Quot.sound]
'CK.kappa_one' depends on axioms: [propext, Classical.choice, Quot.sound]
'CK.kappa_nonneg' depends on axioms: [propext, Classical.choice, Quot.sound]
'CK.continuous_kappa' depends on axioms: [propext, Classical.choice, Quot.sound]
'CK.kappa_closed' depends on axioms: [propext, Classical.choice, Quot.sound]
'CK.hasSum_kappa' depends on axioms: [propext, Classical.choice, Quot.sound]
'CK.kappa_ge_partial' depends on axioms: [propext, Classical.choice, Quot.sound]
'CK.kappa_scaling_of_abs_lt' depends on axioms: [propext, Classical.choice, Quot.sound]
'CK.kappa_scaling' depends on axioms: [propext, Classical.choice, Quot.sound]
'CK.eta_one_sub_two_mul' depends on axioms: [propext, Classical.choice, Quot.sound]
'CK.binaryEntropy_mean_le_half' depends on axioms: [propext, Classical.choice, Quot.sound]
'CK.large_bias' depends on axioms: [propext, Classical.choice, Quot.sound]
'CK.concaveOn_eta' depends on axioms: [propext, Classical.choice, Quot.sound]
'CK.kappa_comb_term_nonneg' depends on axioms: [propext, Classical.choice, Quot.sound]
'CK.kappa_comb_partial_bound' depends on axioms: [propext, Classical.choice, Quot.sound]
'CK.large_coord_scalar_endpoint' depends on axioms: [propext, Classical.choice, Quot.sound]
'CK.large_coord_scalar' depends on axioms: [propext, Classical.choice, Quot.sound]
'CK.pairEntropy_neg_left' depends on axioms: [propext, Classical.choice, Quot.sound]
'CK.hasDerivAt_Lpair_nu' depends on axioms: [propext, Classical.choice, Quot.sound]
'CK.D0' depends on axioms: [propext, Classical.choice, Quot.sound]
'CK.D0_abs' depends on axioms: [propext, Classical.choice, Quot.sound]
'CK.D0_eq' depends on axioms: [propext, Classical.choice, Quot.sound]
'CK.D0_nonneg' depends on axioms: [propext, Classical.choice, Quot.sound]
'CK.curvature_comb_eq' depends on axioms: [propext, Classical.choice, Quot.sound]
'CK.U_le_U_zero' depends on axioms: [propext, Classical.choice, Quot.sound]
'CK.indicator_not' depends on axioms: [propext, Classical.choice, Quot.sound]
'CK.mean_compl' depends on axioms: [propext, Classical.choice, Quot.sound]
'CK.posterior_compl' depends on axioms: [propext, Classical.choice, Quot.sound]
'CK.information_compl' depends on axioms: [propext, Classical.choice, Quot.sound]
'CK.sigma_ge' depends on axioms: [propext, Classical.choice, Quot.sound]
'CK.large_coord_assemble' depends on axioms: [propext, Classical.choice, Quot.sound]
'CK.binaryEntropy_eq_eta_rho' depends on axioms: [propext, Classical.choice, Quot.sound]
'CK.large_coordinate_last_of_nonneg' depends on axioms: [propext, Classical.choice, Quot.sound]
'CK.large_coordinate_last' depends on axioms: [propext, Classical.choice, Quot.sound]
'CK.logEnclosure_proved' depends on axioms: [propext, Classical.choice, Quot.sound]
'CK.binaryEntropy_eq_eta_rho'' depends on axioms: [propext, Classical.choice, Quot.sound]
'CK.avg_signOf_mem_of_cap' depends on axioms: [propext, Classical.choice, Quot.sound]
'CK.abs_noiseOp_signOf_le_one' depends on axioms: [propext, Classical.choice, Quot.sound]
'CK.gamma_le_lambdaDenom' depends on axioms: [propext, Classical.choice, Quot.sound]
'CK.eta_lt_of_ge_three_fifths' depends on axioms: [propext, Classical.choice, Quot.sound]
'CK.middle_core' depends on axioms: [propext, Classical.choice, Quot.sound]
'CK.middle_range' depends on axioms: [propext, Classical.choice, Quot.sound]
'CK.high_core' depends on axioms: [propext, Classical.choice, Quot.sound]
'CK.information_anchor_le' depends on axioms: [propext, Classical.choice, Quot.sound]
'CK.high_noise' depends on axioms: [propext, Classical.choice, Quot.sound]
'CK.noiseOp' depends on axioms: [propext, Classical.choice, Quot.sound]
'CK.kernel_factor_sign' depends on axioms: [propext, Classical.choice, Quot.sound]
'CK.noiseOp_chi' depends on axioms: [propext, Classical.choice, Quot.sound]
'CK.noiseOp_add' depends on axioms: [propext, Classical.choice, Quot.sound]
'CK.noiseOp_const_mul' depends on axioms: [propext, Classical.choice, Quot.sound]
'CK.noiseOp_eq_sum' depends on axioms: [propext, Classical.choice, Quot.sound]
'CK.fourierCoeff_noiseOp' depends on axioms: [propext, Classical.choice, Quot.sound]
'CK.posterior_eq_noiseOp' depends on axioms: [propext, Classical.choice, Quot.sound]
'CK.abs_noiseOp_le_one' depends on axioms: [propext, Classical.choice, Quot.sound]
'CK.binaryEntropy_mean_eq' depends on axioms: [propext, Classical.choice, Quot.sound]
'CK.conditionalEntropy_eq_avg_eta' depends on axioms: [propext, Classical.choice, Quot.sound]
'CK.conditionalEntropy_eq_avg_eta_abs' depends on axioms: [propext, Classical.choice, Quot.sound]
'CK.cancellation' depends on axioms: [propext, Classical.choice, Quot.sound]
'CK.cancel_term_nonpos' depends on axioms: [propext, Classical.choice, Quot.sound]
'CK.cancel_sum_le' depends on axioms: [propext, Classical.choice, Quot.sound]
'CK.energy_lower_bound' depends on axioms: [propext, Classical.choice, Quot.sound]
'CK.binaryEntropy_eq_binEntropy' depends on axioms: [propext, Classical.choice, Quot.sound]
'CK.two_mul_le_log_sub_log' depends on axioms: [propext, Classical.choice, Quot.sound]
'CK.binEntropy_half' depends on axioms: [propext, Classical.choice, Quot.sound]
'CK.hasDerivAt_F' depends on axioms: [propext, Classical.choice, Quot.sound]
'CK.pinsker_upper' depends on axioms: [propext, Classical.choice, Quot.sound]
'CK.pinsker' depends on axioms: [propext, Classical.choice, Quot.sound]
'CK.lowNoiseCK_of_scalar' depends on axioms: [propext, Classical.choice, Quot.sound]
'CK.Lpair' depends on axioms: [propext, Classical.choice, Quot.sound]
'CK.eta_abs' depends on axioms: [propext, Classical.choice, Quot.sound]
'CK.curvature_abs' depends on axioms: [propext, Classical.choice, Quot.sound]
'CK.atanhLog_sq_abs' depends on axioms: [propext, Classical.choice, Quot.sound]
'CK.pairEntropy_zero_left' depends on axioms: [propext, Classical.choice, Quot.sound]
'CK.pairEntropy_nonneg' depends on axioms: [propext, Classical.choice, Quot.sound]
'CK.pairEntropy_pos' depends on axioms: [propext, Classical.choice, Quot.sound]
'CK.Lpair_nonneg' depends on axioms: [propext, Classical.choice, Quot.sound]
'CK.continuous_pairEntropy_nu' depends on axioms: [propext, Classical.choice, Quot.sound]
'CK.hasDerivAt_pairEntropy_nu' depends on axioms: [propext, Classical.choice, Quot.sound]
'CK.hasDerivAt_pairEntropy_z' depends on axioms: [propext, Classical.choice, Quot.sound]
'CK.hasDerivAt_Lpair_z' depends on axioms: [propext, Classical.choice, Quot.sound]
'CK.Lpair_le' depends on axioms: [propext, Classical.choice, Quot.sound]
'CK.pairEntropy_mul_Lpair_le' depends on axioms: [propext, Classical.choice, Quot.sound]
'CK.product_centering' depends on axioms: [propext, Classical.choice, Quot.sound]
'CK.avg_linear3' depends on axioms: [propext, Classical.choice, Quot.sound]
'CK.profile_zero' depends on axioms: [propext, Classical.choice, Quot.sound]
'CK.binaryEntropy_one' depends on axioms: [propext, Classical.choice, Quot.sound]
'CK.binaryEntropy_zero' depends on axioms: [propext, Classical.choice, Quot.sound]
'CK.profile_one' depends on axioms: [propext, Classical.choice, Quot.sound]
'CK.profile_step_of_scalar' depends on axioms: [propext, Classical.choice, Quot.sound]
'CK.lowNoiseProfile_of_scalar' depends on axioms: [propext, Classical.choice, Quot.sound]
'CK.relabel' depends on axioms: [Quot.sound]
'CK.permCube' depends on axioms: [propext, Quot.sound]
'CK.permCube_apply' depends on axioms: [propext, Quot.sound]
'CK.sum_cube_comp' depends on axioms: [propext, Classical.choice, Quot.sound]
'CK.kernel_comp' depends on axioms: [propext, Classical.choice, Quot.sound]
'CK.posterior_relabel' depends on axioms: [propext, Classical.choice, Quot.sound]
'CK.avg_comp' depends on axioms: [propext, Classical.choice, Quot.sound]
'CK.mean_relabel' depends on axioms: [propext, Classical.choice, Quot.sound]
'CK.conditionalEntropy_relabel' depends on axioms: [propext, Classical.choice, Quot.sound]
'CK.information_relabel' depends on axioms: [propext, Classical.choice, Quot.sound]
'CK.mixing_interior' depends on axioms: [propext, Classical.choice, Quot.sound]
'CK.mixing_endpoint_small' depends on axioms: [propext, Classical.choice, Quot.sound]
'CK.mixing_endpoint_large' depends on axioms: [propext, Classical.choice, Quot.sound]
'CK.linear_scalar_mixing' depends on axioms: [propext, Classical.choice, Quot.sound]
'CK.scalar_mixing' depends on axioms: [propext, Classical.choice, Quot.sound]
'CK.lowNoise_proved' depends on axioms: [propext, Classical.choice, Quot.sound]
'CK.sectionLast' does not depend on any axioms
'CK.kernel_snoc' depends on axioms: [propext, Classical.choice, Quot.sound]
'CK.posterior_snoc' depends on axioms: [propext, Classical.choice, Quot.sound]
'CK.avg_snoc' depends on axioms: [propext, Classical.choice, Quot.sound]
'CK.mean_snoc' depends on axioms: [propext, Classical.choice, Quot.sound]
'CK.conditionalEntropy_snoc' depends on axioms: [propext, Classical.choice, Quot.sound]
'CK.bool_sum_kernel_factor' depends on axioms: [propext, Classical.choice, Quot.sound]
'CK.kernel_row_sum' depends on axioms: [propext, Classical.choice, Quot.sound]
'CK.kernel_symm' depends on axioms: [propext, Classical.choice, Quot.sound]
'CK.kernel_nonneg' depends on axioms: [propext, Classical.choice, Quot.sound]
'CK.indicator_nonneg' depends on axioms: [propext, Classical.choice, Quot.sound]
'CK.indicator_le_one' depends on axioms: [propext, Classical.choice, Quot.sound]
'CK.posterior_nonneg' depends on axioms: [propext, Classical.choice, Quot.sound]
'CK.posterior_le_one' depends on axioms: [propext, Classical.choice, Quot.sound]
'CK.posterior_mean' depends on axioms: [propext, Classical.choice, Quot.sound]
'CK.signSum' depends on axioms: [propext, Classical.choice, Quot.sound]
'CK.pw' depends on axioms: [propext, Classical.choice, Quot.sound]
'CK.mom' depends on axioms: [propext, Classical.choice, Quot.sound]
'CK.sign_true' depends on axioms: [propext, Classical.choice, Quot.sound]
'CK.sign_false' depends on axioms: [propext, Classical.choice, Quot.sound]
'CK.signSum_snoc' depends on axioms: [propext, Classical.choice, Quot.sound]
'CK.pw_snoc' depends on axioms: [propext, Classical.choice, Quot.sound]
'CK.avg_const_cube' depends on axioms: [propext, Classical.choice, Quot.sound]
'CK.avg_sum' depends on axioms: [propext, Classical.choice, Quot.sound]
'CK.avg_mul_const' depends on axioms: [propext, Classical.choice, Quot.sound]
'CK.mom_snoc' depends on axioms: [propext, Classical.choice, Quot.sound]
'CK.Moments' depends on axioms: [propext, Classical.choice, Quot.sound]
'CK.moments_zero' depends on axioms: [propext, Classical.choice, Quot.sound]
'CK.moments_snoc' depends on axioms: [propext, Classical.choice, Quot.sound]
'CK.moments' depends on axioms: [propext, Classical.choice, Quot.sound]
'CK.avg_signSum_sq' depends on axioms: [propext, Classical.choice, Quot.sound]
'CK.avg_signSum_pow4' depends on axioms: [propext, Classical.choice, Quot.sound]
'CK.avg_signSum_pow6' depends on axioms: [propext, Classical.choice, Quot.sound]
'CK.avg_signSum_pow8' depends on axioms: [propext, Classical.choice, Quot.sound]
'CK.avg_signSum_pow10' depends on axioms: [propext, Classical.choice, Quot.sound]
'CK.avg_signSum' depends on axioms: [propext, Classical.choice, Quot.sound]
'CK.avg_majorant_signSum' depends on axioms: [propext, Classical.choice, Quot.sound]
'CK.pw_nonneg' depends on axioms: [propext, Classical.choice, Quot.sound]
'CK.pw_add_two_le' depends on axioms: [propext, Classical.choice, Quot.sound]
'CK.capped_poly_bound' depends on axioms: [propext, Classical.choice, Quot.sound]
'CK.capped_sign_sum' depends on axioms: [propext, Classical.choice, Quot.sound]
'CK.swapLast' depends on axioms: [propext]
'CK.snoc_snoc_swap' depends on axioms: [propext, Quot.sound]
'CK.sectionLast_relabel_swap' depends on axioms: [propext, Quot.sound]
'CK.mean_nonneg' depends on axioms: [propext, Classical.choice, Quot.sound]
'CK.mean_le_one' depends on axioms: [propext, Classical.choice, Quot.sound]
'CK.gapLast' depends on axioms: [propext, Classical.choice, Quot.sound]
'CK.mean_sectionLast_relabel_swap' depends on axioms: [propext, Classical.choice, Quot.sound]
'CK.gap_sum_le_one' depends on axioms: [propext, Classical.choice, Quot.sound]
'CK.relabel_one' depends on axioms: [Quot.sound]
'CK.exists_small_gap' depends on axioms: [propext, Classical.choice, Quot.sound]
'CK.transfer_product_alg' depends on axioms: [propext, Classical.choice, Quot.sound]
'CK.transfer_gain_alg' depends on axioms: [propext, Classical.choice, Quot.sound]
'CK.eta_le_log_two'' depends on axioms: [propext, Classical.choice, Quot.sound]
'CK.pairEntropy_le_log_two' depends on axioms: [propext, Classical.choice, Quot.sound]
'CK.pairEntropy_le_eta' depends on axioms: [propext, Classical.choice, Quot.sound]
'CK.transfer_product' depends on axioms: [propext, Classical.choice, Quot.sound]
'CK.transfer_gain' depends on axioms: [propext, Classical.choice, Quot.sound]
'CK.transfer_relative_alg' depends on axioms: [propext, Classical.choice, Quot.sound]
'CK.transfer_relative' depends on axioms: [propext, Classical.choice, Quot.sound]
'CKF2.Spec.matches_f1_target' depends on axioms: [propext, Classical.choice, Quot.sound]
'CK.courtadeKumar_proved' depends on axioms: [propext, Classical.choice, Quot.sound]
'CK.complementary_proved' depends on axioms: [propext, Classical.choice, Quot.sound]
'CK.lowNoise_proved' depends on axioms: [propext, Classical.choice, Quot.sound]
'CK.scalar_mixing' depends on axioms: [propext, Classical.choice, Quot.sound]
'CK.linear_scalar_mixing' depends on axioms: [propext, Classical.choice, Quot.sound]
