=== CK.Definitions
=== CK.Algebra
=== CK.Induction
=== CK.AnalyticTargets
=== CK.Semantics
=== CK.Sections
=== CK.Relabel
=== CK.SmallGap
=== CK.AvgLemmas
=== CK.ProfileInduction
=== CK.EntropyBounds
=== CK.Pinsker
=== CK.LogEnclosure
=== CK.Constants
=== CK.EtaDeriv
=== CK.Curvature
=== CK.ProductCentering
=== CK.Transfer
=== CK.GainBounds
=== CK.KappaSeries
=== CK.Bridge
=== CK.InteriorEstimate
=== CK.EndpointCommon
=== CK.Anchor
=== CK.Comparison
=== CK.Fourier
=== CK.SignSum
=== CK.EndpointSmall
=== CK.EndpointLarge
=== CK.LargeCoordScalar
=== CK.Deficit
=== CK.NoiseOperator
=== CK.FourierCap
=== CK.ScalarMixing
=== CK.InfoContraction
=== CK.LargeBias
=== CK.LargeCoordinate
=== CK.MiddleHigh
=== CK.Complementary
=== CKF2.Spec
=== F2CompletionGate
